[query='a'] 0 results, 0 new, 0 total so far
[query='b'] 0 results, 0 new, 0 total so far
[query='c'] 0 results, 0 new, 0 total so far
[query='d'] 0 results, 0 new, 0 total so far
[query='e'] 0 results, 0 new, 0 total so far
[query='f'] 0 results, 0 new, 0 total so far
[query='g'] 0 results, 0 new, 0 total so far
[query='h'] 0 results, 0 new, 0 total so far
[query='i'] 0 results, 0 new, 0 total so far
[query='j'] 1 results, 1 new, 1 total so far
[query='k'] 0 results, 0 new, 1 total so far
[query='l'] 0 results, 0 new, 1 total so far
[query='m'] 0 results, 0 new, 1 total so far
[query='n'] 0 results, 0 new, 1 total so far
[query='o'] 0 results, 0 new, 1 total so far
[query='p'] 0 results, 0 new, 1 total so far
[query='q'] 10 results, 10 new, 11 total so far
[query='r'] 0 results, 0 new, 11 total so far
[query='s'] 0 results, 0 new, 11 total so far
[query='t'] 0 results, 0 new, 11 total so far
[query='u'] 0 results, 0 new, 11 total so far
[query='v'] 0 results, 0 new, 11 total so far
[query='w'] 0 results, 0 new, 11 total so far
[query='x'] 0 results, 0 new, 11 total so far
[query='y'] 0 results, 0 new, 11 total so far
[query='z'] 0 results, 0 new, 11 total so far
[query='0'] 2 results, 2 new, 13 total so far
[query='1'] 4 results, 3 new, 16 total so far
[query='2'] 2 results, 1 new, 17 total so far
[query='3'] 8 results, 7 new, 24 total so far
[query='4'] 7 results, 7 new, 31 total so far
[query='5'] 5 results, 3 new, 34 total so far
[query='6'] 11 results, 6 new, 40 total so far
[query='7'] 4 results, 2 new, 42 total so far
[query='8'] 4 results, 3 new, 45 total so far
[query='9'] 7 results, 7 new, 52 total so far

Enumeration done: 52 unique registrations found.
[1/52] Jamie's Shoes                                                -> ok_via_postback
[2/52] MIF, L.L.C.                                                  -> ok_via_postback
[3/52] The Cornwell Quality Tools Company                           -> ok_via_postback
[4/52] CHOICE HOTELS INTERNATIONAL, INC                             -> ok_via_postback
[5/52] LA QUINTA FRANCHISING LLC                                    -> ok_via_postback
[6/52] BF Acquisition Holdings, LLC                                 -> ok_via_postback
[7/52] American Dairy Queen Corporation                             -> ok_via_postback
[8/52] American Dairy Queen Corporation                             -> ok_via_postback
[9/52] M.G.M. Liquor Stores, Inc.                                   -> ok_via_postback
[10/52] Conquer Franchise Group, LLC                                 -> ok_via_postback
[11/52] SelectQuote Local Insurance Services, LLC                    -> ok_via_postback
[12/52] 1-800 WATER DAMAGE International, LLC                        -> ok_via_postback
[13/52] Shoot 360 Nation LLC                                         -> ok_via_postback
[14/52] 1st Class Franchising, LLC                                   -> ok_via_postback
[15/52] 1st Class Franchising, LLC                                   -> ok_via_postback
[16/52] CENTURY 21 REAL ESTATE LLC                                   -> ok_via_postback
[17/52] Hilton Franchise Holding LLC                                 -> ok_via_postback
[18/52] Pickleball 365 Franchising, LLC                              -> ok_via_postback
[19/52] Tectum Franchising LLC                                       -> ok_via_postback
[20/52] Tectum Franchising LLC                                       -> ok_via_postback
[21/52] 360 Painting, LLC                                            -> ok_via_postback
[22/52] B3 Franchising LLC                                           -> ok_via_postback
[23/52] NTV 360 LLC                                                  -> ok_via_postback
[24/52] Alliance Franchise Brands LLC                                -> ok_via_postback
[25/52] BD4 Franchise, LLC                                           -> ok_via_postback
[26/52] 4Ever Charge Franchising, LLC                                -> ok_via_postback
[27/52] Sweat440 Franchise Systems, LLC                              -> ok_via_postback
[28/52] 4Ever Franchisor LLC                                         -> ok_via_postback
[29/52] M14Hoops Franchising LLC                                     -> ok_via_postback
[30/52] F45 Training Incorporated                                    -> ok_via_postback
[31/52] BFK Franchise Company LLC                                    -> ok_via_postback
[32/52] Hi-5 ABA, Inc.                                               -> ok_via_postback
[33/52] WinStar 85C, LLC                                             -> ok_via_postback
[34/52] Hi-5 ABA, Inc.                                               -> ok_via_postback
[35/52] G6 Hospitality Franchising LLC                               -> ok_via_postback
[36/52] 76 Franchise Group LLC (Regional Developer)                  -> ok_via_postback
[37/52] 76 Franchise Group LLC                                       -> ok_via_postback
[38/52] G6 Hospitality Franchising LLC                               -> ok_via_postback
[39/52] G6 Hospitality Franchising LLC                               -> ok_via_postback
[40/52] Motel 6                                                      -> ok_via_postback
[41/52] Brew Culture Franchise, LLC                                  -> ok_via_postback
[42/52] 7-Eleven, Inc                                                -> ok_via_postback
[43/52] SUPER 8 Worldwide, Inc.                                      -> ok_via_postback
[44/52] 180 WATER FRANCHISING, LLC                                   -> ok_via_postback
[45/52] 1-800-RADIATOR FRANCHISOR SPV LLC                            -> ok_via_postback
[46/52] Floyd's 99 Franchising, LLC                                  -> ok_via_postback
[47/52] 911 Restoration Franchise Inc.                               -> ok_via_postback
[48/52] AD2019 Franchise, LLC                                        -> ok_via_postback
[49/52] K-9 Franchising, LLC                                         -> ok_via_postback
[50/52] 9Round Franchising, LLC                                      -> ok_via_postback
[51/52] i9 Sports, LLC                                               -> ok_via_postback
[52/52] Hounds Mounds, Inc.                                          -> ok_via_postback

Done. 0/52 PDFs downloaded. See list.csv and fdds/.
Could not get FontBBox from font descriptor because None cannot be parsed as 4 floats
Could not get FontBBox from font descriptor because None cannot be parsed as 4 floats
Could not get FontBBox from font descriptor because None cannot be parsed as 4 floats
Could not get FontBBox from font descriptor because None cannot be parsed as 4 floats
Jamie's Shoes                                                -> ok; item20_not_found; insurance_text_not_found
MIF, L.L.C.                                                  -> ok
The Cornwell Quality Tools Company                           -> ok
CHOICE HOTELS INTERNATIONAL, INC                             -> ok
LA QUINTA FRANCHISING LLC                                    -> ok
BF Acquisition Holdings, LLC                                 -> ok
American Dairy Queen Corporation                             -> ok
American Dairy Queen Corporation                             -> ok
M.G.M. Liquor Stores, Inc.                                   -> ok
Conquer Franchise Group, LLC                                 -> ok
SelectQuote Local Insurance Services, LLC                    -> ok
1-800 WATER DAMAGE International, LLC                        -> ok
Shoot 360 Nation LLC                                         -> ok
1st Class Franchising, LLC                                   -> ok
1st Class Franchising, LLC                                   -> ok
CENTURY 21 REAL ESTATE LLC                                   -> ok
Hilton Franchise Holding LLC                                 -> ok
Pickleball 365 Franchising, LLC                              -> ok
Tectum Franchising LLC                                       -> ok
Tectum Franchising LLC                                       -> ok
360 Painting, LLC                                            -> ok
B3 Franchising LLC                                           -> ok
NTV 360 LLC                                                  -> ok
Alliance Franchise Brands LLC                                -> ok
BD4 Franchise, LLC                                           -> ok
4Ever Charge Franchising, LLC                                -> ok
Sweat440 Franchise Systems, LLC                              -> ok
4Ever Franchisor LLC                                         -> ok
M14Hoops Franchising LLC                                     -> ok
F45 Training Incorporated                                    -> ok
BFK Franchise Company LLC                                    -> ok
Hi-5 ABA, Inc.                                               -> ok
WinStar 85C, LLC                                             -> ok
Hi-5 ABA, Inc.                                               -> ok
G6 Hospitality Franchising LLC                               -> ok
76 Franchise Group LLC (Regional Developer)                  -> ok
76 Franchise Group LLC                                       -> ok
G6 Hospitality Franchising LLC                               -> ok
G6 Hospitality Franchising LLC                               -> ok
Motel 6                                                      -> ok
Brew Culture Franchise, LLC                                  -> ok
7-Eleven, Inc                                                -> ok
SUPER 8 Worldwide, Inc.                                      -> ok
180 WATER FRANCHISING, LLC                                   -> ok
1-800-RADIATOR FRANCHISOR SPV LLC                            -> ok
Floyd's 99 Franchising, LLC                                  -> ok
911 Restoration Franchise Inc.                               -> ok
AD2019 Franchise, LLC                                        -> ok
K-9 Franchising, LLC                                         -> ok
9Round Franchising, LLC                                      -> ok
i9 Sports, LLC                                               -> ok
Hounds Mounds, Inc.                                          -> ok

Done. Wrote raw_extract.csv (52 rows).
